<?xml version="1.0" encoding="utf-8"?><testsuites><testsuite name="pytest" errors="0" failures="0" skipped="0" tests="3" time="16.936" timestamp="2022-06-20T11:18:18.564761" hostname="LAPTOP-NK4TBG1B"><testcase classname="JenkinsTest.Test.test_example.Example" name="test_example1" time="5.637" /><testcase classname="JenkinsTest.Test.test_example.Example" name="test_example2" time="5.755" /><testcase classname="JenkinsTest.Test.test_example.Example" name="test_example3" time="5.481" /></testsuite></testsuites>